// Jest Snapshot v1, https://goo.gl/fbAQLP

exports[`<ResetPassword component rendering 1`] = `
<main
  className="MuiContainer-root MuiContainer-maxWidthLg css-12hdurq-MuiContainer-root"
>
  <div
    className="MuiPaper-root MuiPaper-outlined MuiPaper-rounded MuiCard-root css-he3bwl-MuiPaper-root-MuiCard-root"
  >
    <span
      className="MuiCircularProgress-root MuiCircularProgress-indeterminate MuiCircularProgress-colorPrimary css-18lrjg1-MuiCircularProgress-root"
      role="progressbar"
      style={
        {
          "height": 40,
          "width": 40,
        }
      }
    >
      <svg
        className="MuiCircularProgress-svg css-1idz92c-MuiCircularProgress-svg"
        viewBox="22 22 44 44"
      >
        <circle
          className="MuiCircularProgress-circle MuiCircularProgress-circleIndeterminate css-176wh8e-MuiCircularProgress-circle"
          cx={44}
          cy={44}
          fill="none"
          r={20.2}
          strokeWidth={3.6}
          style={{}}
        />
      </svg>
    </span>
    <p
      className="MuiTypography-root MuiTypography-body1 css-ahj2mt-MuiTypography-root"
    >
      Validating account
    </p>
  </div>
</main>
`;
